[INFO] Scanning for projects...
[INFO] 
[INFO] -----------------< com.biblioteca:biblioteca-backend >------------------
[INFO] Building biblioteca-backend 0.0.1-SNAPSHOT
[INFO]   from pom.xml
[INFO] --------------------------------[ jar ]---------------------------------
[INFO] 
[INFO] >>> spring-boot:4.0.5:run (default-cli) > test-compile @ biblioteca-backend >>>
[INFO] 
[INFO] --- resources:3.3.1:resources (default-resources) @ biblioteca-backend ---
[INFO] Copying 1 resource from src\main\resources to target\classes
[INFO] Copying 0 resource from src\main\resources to target\classes
[INFO] 
[INFO] --- compiler:3.14.1:compile (default-compile) @ biblioteca-backend ---
[INFO] Nothing to compile - all classes are up to date.
[INFO] 
[INFO] --- resources:3.3.1:testResources (default-testResources) @ biblioteca-backend ---
[INFO] skip non existing resourceDirectory C:\Users\veran\OneDrive\Desktop\gestion de proyectos\implementacion desarrollo web\biblioteca\backend\src\test\resources
[INFO] 
[INFO] --- compiler:3.14.1:testCompile (default-testCompile) @ biblioteca-backend ---
[INFO] Nothing to compile - all classes are up to date.
[INFO] 
[INFO] <<< spring-boot:4.0.5:run (default-cli) < test-compile @ biblioteca-backend <<<
[INFO] 
[INFO] 
[INFO] --- spring-boot:4.0.5:run (default-cli) @ biblioteca-backend ---
[INFO] Attaching agents: []
Error: Could not find or load main class com.biblioteca.BibliotecaApplication
Caused by: java.lang.ClassNotFoundException: com.biblioteca.BibliotecaApplication
[INFO] ------------------------------------------------------------------------
[INFO] BUILD FAILURE
[INFO] ------------------------------------------------------------------------
[INFO] Total time:  32.349 s
[INFO] Finished at: 2026-07-28T11:12:49-05:00
[INFO] ------------------------------------------------------------------------
[ERROR] Failed to execute goal org.springframework.boot:spring-boot-maven-plugin:4.0.5:run (default-cli) on project biblioteca-backend: Process terminated with exit code: 1 -> [Help 1]
[ERROR] 
[ERROR] To see the full stack trace of the errors, re-run Maven with the -e switch.
[ERROR] Re-run Maven using the -X switch to enable full debug logging.
[ERROR] 
[ERROR] For more information about the errors and possible solutions, please read the following articles:
[ERROR] [Help 1] http://cwiki.apache.org/confluence/display/MAVEN/MojoExecutionException
